// Jest Snapshot v1, https://goo.gl/fbAQLP

exports[`findUserByEmail form should match the snapshot 1`] = `
<div>
  <form
    className="form-centered"
    onSubmit={[Function]}
  >
    <div>
      <label>
        Email:
      </label>
      <input
        className="inputBox"
        name="email"
        onBlur={[Function]}
        onChange={[Function]}
        onDragStart={[Function]}
        onDrop={[Function]}
        onFocus={[Function]}
        value=""
      />
    </div>
    <button
      className="submit"
    >
      <i
        className="fas fa-search"
      />
       Search
    </button>
  </form>
</div>
`;
