// Jest Snapshot v1, https://goo.gl/fbAQLP

exports[`login form should match the snapshot 1`] = `
<div>
  <form
    className="loginForm"
    onSubmit={[Function]}
  >
    <div
      className="loginTitle"
    >
      Login
    </div>
    <div>
      <label>
        Username (Email address):
      </label>
      <input
        className="inputBox"
        name="userName"
        onBlur={[Function]}
        onChange={[Function]}
        onDragStart={[Function]}
        onDrop={[Function]}
        onFocus={[Function]}
        type=""
        value=""
      />
    </div>
    <div>
      <label>
        Password:
      </label>
      <input
        className="inputBox"
        name="password"
        onBlur={[Function]}
        onChange={[Function]}
        onDragStart={[Function]}
        onDrop={[Function]}
        onFocus={[Function]}
        type="password"
        value=""
      />
    </div>
    <button
      className="submit loginButton"
    >
      Login
    </button>
    <hr />
    <div
      id="signUpLink"
    >
      Don't have an account? 
      <a
        href="/signUp"
        onClick={[Function]}
      >
        Sign up
      </a>
       here
    </div>
  </form>
</div>
`;
