// Jest Snapshot v1, https://goo.gl/fbAQLP

exports[`signUpForm should match the snapshot 1`] = `
<div>
  <form
    className="signupForm"
    onSubmit={[Function]}
  >
    <div
      className="signupTitle"
    >
      Create Account
    </div>
    <div>
      <label>
        First Name:
      </label>
      <input
        autoComplete="off"
        className="inputBox null"
        name="forename"
        onBlur={[Function]}
        onChange={[Function]}
        onDragStart={[Function]}
        onDrop={[Function]}
        onFocus={[Function]}
        type=""
        value=""
      />
    </div>
    <div>
      <label>
        Surname:
      </label>
      <input
        autoComplete="off"
        className="inputBox null"
        name="surname"
        onBlur={[Function]}
        onChange={[Function]}
        onDragStart={[Function]}
        onDrop={[Function]}
        onFocus={[Function]}
        type=""
        value=""
      />
    </div>
    <div>
      <label>
        Email address:
      </label>
      <input
        autoComplete="off"
        className="inputBox null"
        name="email"
        onBlur={[Function]}
        onChange={[Function]}
        onDragStart={[Function]}
        onDrop={[Function]}
        onFocus={[Function]}
        type=""
        value=""
      />
    </div>
    <div>
      <label>
        Password:
      </label>
      <input
        autoComplete="off"
        className="inputBox null"
        name="password"
        onBlur={[Function]}
        onChange={[Function]}
        onDragStart={[Function]}
        onDrop={[Function]}
        onFocus={[Function]}
        type="password"
        value=""
      />
    </div>
    <button
      className="submit signupButton"
    >
      Create Account
    </button>
  </form>
</div>
`;
