// Jest Snapshot v1, https://goo.gl/fbAQLP

exports[`UpdatePermission form should match the snapshot 1`] = `
<div>
  <form
    onSubmit={[Function]}
  >
    <div>
      <label>
        Set Permission:
      </label>
      <select
        className="inputBox"
        name="permission"
        onBlur={[Function]}
        onChange={[Function]}
        onDragStart={[Function]}
        onDrop={[Function]}
        onFocus={[Function]}
        value=""
      >
        <option>
          Select permission level
        </option>
        <option
          value="USER"
        >
          USER
        </option>
        <option
          value="READ-ONLY"
        >
          READ-ONLY
        </option>
        <option
          value="ADMIN"
        >
          ADMIN
        </option>
      </select>
    </div>
    <button
      className="submit"
    >
      Save
    </button>
  </form>
</div>
`;
